<!DOCTYPE html PUBLIC "-//W3C//DTD HTML 4.0 Transitional//EN" "http://www.w3.org/TR/REC-html40/loose.dtd">
<html xmlns="http://www.w3.org/1999/xhtml">
  <body><h1>LANGUAGES</h1>
<li>

Hungarian(Magyar)

French(Fran√ßais)

English

Chinuk Wawa

</li></body>
</html>
